// Vitest Snapshot v1, https://vitest.dev/guide/snapshot.html

exports[`registration rules against actual source at 959014b > preserves cutoff fallback, UTC conversion, null stages and sorting outputs 1`] = `
[
  {
    "className": "border-amber-200 bg-amber-50 text-amber-700",
    "complete": false,
    "counts": {
      "all": 1,
      "missingTracking": 1,
      "ordered": 1,
      "quantity": 2,
      "received": 0,
    },
    "cutoff": true,
    "filters": [
      true,
      true,
      false,
      true,
    ],
    "items": [
      {
        "currentInventoryQuantity": "1",
        "id": 10,
        "quantity": "2",
        "title": "架空商品",
      },
    ],
    "kind": "ordered",
    "label": "発注済み",
    "normalized": [
      {
        "id": 1,
        "purchase_date": "2026-09-01",
        "purchase_items": [
          {
            "currentInventoryQuantity": "1",
            "id": 10,
            "quantity": "2",
            "title": "架空商品",
          },
        ],
        "status": "ordered",
      },
    ],
    "order": 1788220800000,
    "sameItems": true,
    "sameRow": true,
    "visible": {
      "id": 1,
      "purchase_date": "2026-09-01",
      "purchase_items": [
        {
          "currentInventoryQuantity": "1",
          "id": 10,
          "quantity": "2",
          "title": "架空商品",
        },
      ],
      "status": "ordered",
    },
  },
  {
    "className": "border-amber-200 bg-amber-50 text-amber-700",
    "complete": false,
    "counts": {
      "all": 1,
      "missingTracking": 1,
      "ordered": 1,
      "quantity": 2,
      "received": 0,
    },
    "cutoff": false,
    "filters": [
      true,
      true,
      false,
      true,
    ],
    "items": [
      {
        "currentInventoryQuantity": "1",
        "id": 10,
        "quantity": "2",
        "title": "架空商品",
      },
    ],
    "kind": "ordered",
    "label": "発注済み",
    "normalized": [],
    "order": 1781827200000,
    "sameItems": true,
    "sameRow": true,
    "visible": {
      "id": 2,
      "purchase_date": "2026-06-19",
      "purchase_items": [
        {
          "currentInventoryQuantity": "1",
          "id": 10,
          "quantity": "2",
          "title": "架空商品",
        },
      ],
      "status": "ordered",
    },
  },
  {
    "className": "border-amber-200 bg-amber-50 text-amber-700",
    "complete": false,
    "counts": {
      "all": 1,
      "missingTracking": 1,
      "ordered": 1,
      "quantity": 2,
      "received": 0,
    },
    "cutoff": true,
    "filters": [
      true,
      true,
      false,
      true,
    ],
    "items": [
      {
        "currentInventoryQuantity": "1",
        "id": 10,
        "quantity": "2",
        "title": "架空商品",
      },
    ],
    "kind": "ordered",
    "label": "発注済み",
    "normalized": [
      {
        "id": 3,
        "purchase_date": "2026-06-20",
        "purchase_items": [
          {
            "currentInventoryQuantity": "1",
            "id": 10,
            "quantity": "2",
            "title": "架空商品",
          },
        ],
        "status": "ordered",
      },
    ],
    "order": 1781913600000,
    "sameItems": true,
    "sameRow": true,
    "visible": {
      "id": 3,
      "purchase_date": "2026-06-20",
      "purchase_items": [
        {
          "currentInventoryQuantity": "1",
          "id": 10,
          "quantity": "2",
          "title": "架空商品",
        },
      ],
      "status": "ordered",
    },
  },
  {
    "className": "border-amber-200 bg-amber-50 text-amber-700",
    "complete": false,
    "counts": {
      "all": 1,
      "missingTracking": 1,
      "ordered": 1,
      "quantity": 2,
      "received": 0,
    },
    "cutoff": true,
    "filters": [
      true,
      true,
      false,
      true,
    ],
    "items": [
      {
        "currentInventoryQuantity": "1",
        "id": 10,
        "quantity": "2",
        "title": "架空商品",
      },
    ],
    "kind": "ordered",
    "label": "発注済み",
    "normalized": [
      {
        "id": 4,
        "purchase_date": " 2026-06-21T00:00:00 ",
        "purchase_items": [
          {
            "currentInventoryQuantity": "1",
            "id": 10,
            "quantity": "2",
            "title": "架空商品",
          },
        ],
        "status": "ordered",
      },
    ],
    "order": 4,
    "sameItems": true,
    "sameRow": true,
    "visible": {
      "id": 4,
      "purchase_date": " 2026-06-21T00:00:00 ",
      "purchase_items": [
        {
          "currentInventoryQuantity": "1",
          "id": 10,
          "quantity": "2",
          "title": "架空商品",
        },
      ],
      "status": "ordered",
    },
  },
  {
    "className": "border-amber-200 bg-amber-50 text-amber-700",
    "complete": false,
    "counts": {
      "all": 1,
      "missingTracking": 1,
      "ordered": 1,
      "quantity": 2,
      "received": 0,
    },
    "cutoff": false,
    "filters": [
      true,
      true,
      false,
      true,
    ],
    "items": [
      {
        "currentInventoryQuantity": "1",
        "id": 10,
        "quantity": "2",
        "title": "架空商品",
      },
    ],
    "kind": "ordered",
    "label": "発注済み",
    "normalized": [],
    "order": 1781827200000,
    "sameItems": true,
    "sameRow": true,
    "visible": {
      "id": 5,
      "purchaseDate": "2026-06-19",
      "purchase_date": "2026-06-21",
      "purchase_items": [
        {
          "currentInventoryQuantity": "1",
          "id": 10,
          "quantity": "2",
          "title": "架空商品",
        },
      ],
      "status": "ordered",
    },
  },
  {
    "className": "border-amber-200 bg-amber-50 text-amber-700",
    "complete": false,
    "counts": {
      "all": 1,
      "missingTracking": 1,
      "ordered": 1,
      "quantity": 2,
      "received": 0,
    },
    "cutoff": true,
    "filters": [
      true,
      true,
      false,
      true,
    ],
    "items": [
      {
        "currentInventoryQuantity": "1",
        "id": 10,
        "quantity": "2",
        "title": "架空商品",
      },
    ],
    "kind": "ordered",
    "label": "発注済み",
    "normalized": [
      {
        "id": 6,
        "purchaseDate": "bad",
        "purchase_date": "2026-06-20",
        "purchase_items": [
          {
            "currentInventoryQuantity": "1",
            "id": 10,
            "quantity": "2",
            "title": "架空商品",
          },
        ],
        "status": "ordered",
      },
    ],
    "order": 6,
    "sameItems": true,
    "sameRow": true,
    "visible": {
      "id": 6,
      "purchaseDate": "bad",
      "purchase_date": "2026-06-20",
      "purchase_items": [
        {
          "currentInventoryQuantity": "1",
          "id": 10,
          "quantity": "2",
          "title": "架空商品",
        },
      ],
      "status": "ordered",
    },
  },
  {
    "className": "border-amber-200 bg-amber-50 text-amber-700",
    "complete": false,
    "counts": {
      "all": 1,
      "missingTracking": 1,
      "ordered": 1,
      "quantity": 2,
      "received": 0,
    },
    "cutoff": false,
    "filters": [
      true,
      true,
      false,
      true,
    ],
    "items": [
      {
        "currentInventoryQuantity": "1",
        "id": 10,
        "quantity": "2",
        "title": "架空商品",
      },
    ],
    "kind": "ordered",
    "label": "発注済み",
    "normalized": [],
    "order": 1781881200000,
    "sameItems": true,
    "sameRow": true,
    "visible": {
      "id": 7,
      "purchaseDate": 2026-06-19T15:00:00.000Z,
      "purchase_date": "2026-06-20",
      "purchase_items": [
        {
          "currentInventoryQuantity": "1",
          "id": 10,
          "quantity": "2",
          "title": "架空商品",
        },
      ],
      "status": "ordered",
    },
  },
  {
    "className": "border-amber-200 bg-amber-50 text-amber-700",
    "complete": false,
    "counts": {
      "all": 1,
      "missingTracking": 1,
      "ordered": 1,
      "quantity": 2,
      "received": 0,
    },
    "cutoff": true,
    "filters": [
      true,
      true,
      false,
      true,
    ],
    "items": [
      {
        "currentInventoryQuantity": "1",
        "id": 10,
        "quantity": "2",
        "title": "架空商品",
      },
    ],
    "kind": "ordered",
    "label": "発注済み",
    "normalized": [
      {
        "createdAt": 2026-06-20T00:00:00.000Z,
        "id": 8,
        "purchaseDate": Date { NaN },
        "purchase_date": undefined,
        "purchase_items": [
          {
            "currentInventoryQuantity": "1",
            "id": 10,
            "quantity": "2",
            "title": "架空商品",
          },
        ],
        "status": "ordered",
      },
    ],
    "order": 1781913600000,
    "sameItems": true,
    "sameRow": true,
    "visible": {
      "createdAt": 2026-06-20T00:00:00.000Z,
      "id": 8,
      "purchaseDate": Date { NaN },
      "purchase_date": undefined,
      "purchase_items": [
        {
          "currentInventoryQuantity": "1",
          "id": 10,
          "quantity": "2",
          "title": "架空商品",
        },
      ],
      "status": "ordered",
    },
  },
  {
    "className": "border-amber-200 bg-amber-50 text-amber-700",
    "complete": false,
    "counts": {
      "all": 1,
      "missingTracking": 1,
      "ordered": 1,
      "quantity": 2,
      "received": 0,
    },
    "cutoff": false,
    "filters": [
      true,
      true,
      false,
      true,
    ],
    "items": [
      {
        "currentInventoryQuantity": "1",
        "id": 10,
        "quantity": "2",
        "title": "架空商品",
      },
    ],
    "kind": "ordered",
    "label": "発注済み",
    "normalized": [],
    "order": 1782000000000,
    "sameItems": true,
    "sameRow": true,
    "visible": {
      "createdAt": "2026-06-21",
      "created_at": "2026-06-19",
      "id": 9,
      "purchase_date": undefined,
      "purchase_items": [
        {
          "currentInventoryQuantity": "1",
          "id": 10,
          "quantity": "2",
          "title": "架空商品",
        },
      ],
      "status": "ordered",
    },
  },
  {
    "className": "border-amber-200 bg-amber-50 text-amber-700",
    "complete": false,
    "counts": {
      "all": 1,
      "missingTracking": 1,
      "ordered": 1,
      "quantity": 2,
      "received": 0,
    },
    "cutoff": true,
    "filters": [
      true,
      true,
      false,
      true,
    ],
    "items": [
      {
        "currentInventoryQuantity": "1",
        "id": 10,
        "quantity": "2",
        "title": "架空商品",
      },
    ],
    "kind": "ordered",
    "label": "発注済み",
    "normalized": [
      {
        "createdAt": "invalid",
        "created_at": "2026-09-30",
        "id": 10,
        "purchase_date": "2026-09-01",
        "purchase_items": [
          {
            "currentInventoryQuantity": "1",
            "id": 10,
            "quantity": "2",
            "title": "架空商品",
          },
        ],
        "status": "ordered",
      },
    ],
    "order": 10,
    "sameItems": true,
    "sameRow": true,
    "visible": {
      "createdAt": "invalid",
      "created_at": "2026-09-30",
      "id": 10,
      "purchase_date": "2026-09-01",
      "purchase_items": [
        {
          "currentInventoryQuantity": "1",
          "id": 10,
          "quantity": "2",
          "title": "架空商品",
        },
      ],
      "status": "ordered",
    },
  },
  {
    "className": "border-amber-200 bg-amber-50 text-amber-700",
    "complete": false,
    "counts": {
      "all": 1,
      "missingTracking": 1,
      "ordered": 1,
      "quantity": 2,
      "received": 0,
    },
    "cutoff": true,
    "filters": [
      true,
      true,
      false,
      true,
    ],
    "items": [
      {
        "currentInventoryQuantity": "1",
        "id": 10,
        "quantity": "2",
        "title": "架空商品",
      },
    ],
    "kind": "ordered",
    "label": "発注済み",
    "normalized": [
      {
        "createdAt": "",
        "created_at": "2026-09-30",
        "id": 11,
        "purchase_date": "2026-09-01",
        "purchase_items": [
          {
            "currentInventoryQuantity": "1",
            "id": 10,
            "quantity": "2",
            "title": "架空商品",
          },
        ],
        "status": "ordered",
      },
    ],
    "order": 11,
    "sameItems": true,
    "sameRow": true,
    "visible": {
      "createdAt": "",
      "created_at": "2026-09-30",
      "id": 11,
      "purchase_date": "2026-09-01",
      "purchase_items": [
        {
          "currentInventoryQuantity": "1",
          "id": 10,
          "quantity": "2",
          "title": "架空商品",
        },
      ],
      "status": "ordered",
    },
  },
  {
    "className": "border-amber-200 bg-amber-50 text-amber-700",
    "complete": false,
    "counts": {
      "all": 1,
      "missingTracking": 1,
      "ordered": 1,
      "quantity": 2,
      "received": 0,
    },
    "cutoff": true,
    "filters": [
      true,
      true,
      false,
      true,
    ],
    "items": [
      {
        "currentInventoryQuantity": "1",
        "id": 10,
        "quantity": "2",
        "title": "架空商品",
      },
    ],
    "kind": "ordered",
    "label": "発注済み",
    "normalized": [
      {
        "createdAt": null,
        "created_at": undefined,
        "id": 12,
        "purchase_date": undefined,
        "purchase_items": [
          {
            "currentInventoryQuantity": "1",
            "id": 10,
            "quantity": "2",
            "title": "架空商品",
          },
        ],
        "status": "ordered",
      },
    ],
    "order": 12,
    "sameItems": true,
    "sameRow": true,
    "visible": {
      "createdAt": null,
      "created_at": undefined,
      "id": 12,
      "purchase_date": undefined,
      "purchase_items": [
        {
          "currentInventoryQuantity": "1",
          "id": 10,
          "quantity": "2",
          "title": "架空商品",
        },
      ],
      "status": "ordered",
    },
  },
  {
    "className": "border-amber-200 bg-amber-50 text-amber-700",
    "complete": false,
    "counts": {
      "all": 1,
      "missingTracking": 1,
      "ordered": 1,
      "quantity": 2,
      "received": 0,
    },
    "cutoff": true,
    "filters": [
      true,
      true,
      false,
      true,
    ],
    "items": [
      {
        "currentInventoryQuantity": "1",
        "id": 10,
        "quantity": "2",
        "title": "架空商品",
      },
    ],
    "kind": "ordered",
    "label": "発注済み",
    "normalized": [
      {
        "id": 13,
        "purchase_date": "2026-99-99",
        "purchase_items": [
          {
            "currentInventoryQuantity": "1",
            "id": 10,
            "quantity": "2",
            "title": "架空商品",
          },
        ],
        "status": "ordered",
      },
    ],
    "order": 13,
    "sameItems": true,
    "sameRow": true,
    "visible": {
      "id": 13,
      "purchase_date": "2026-99-99",
      "purchase_items": [
        {
          "currentInventoryQuantity": "1",
          "id": 10,
          "quantity": "2",
          "title": "架空商品",
        },
      ],
      "status": "ordered",
    },
  },
]
`;

exports[`registration rules against actual source at 959014b > preserves cutoff fallback, UTC conversion, null stages and sorting outputs 2`] = `
[
  100,
  99,
  1,
  9,
  8,
  3,
  7,
  5,
  2,
  13,
  12,
  11,
  10,
  6,
  4,
]
`;

exports[`registration rules against actual source at 959014b > preserves original carrier metadata and option labels 1`] = `
[
  [
    {
      "carrier": "unknown",
      "carrierName": "追跡",
      "isEcohai": false,
      "normalizedNumber": "",
      "trackingUrl": null,
    },
    {
      "carrier": "unknown",
      "carrierName": "追跡",
      "isEcohai": false,
      "normalizedNumber": "",
      "trackingUrl": null,
    },
    {
      "carrier": "unknown",
      "carrierName": "追跡",
      "isEcohai": false,
      "normalizedNumber": "",
      "trackingUrl": null,
    },
    {
      "carrier": "unknown",
      "carrierName": "追跡",
      "isEcohai": false,
      "normalizedNumber": "",
      "trackingUrl": null,
    },
    {
      "carrier": "yamato",
      "carrierName": "ヤマト運輸",
      "isEcohai": false,
      "normalizedNumber": "",
      "trackingUrl": null,
    },
    {
      "carrier": "yamato",
      "carrierName": "ヤマト運輸",
      "isEcohai": false,
      "normalizedNumber": "",
      "trackingUrl": null,
    },
    {
      "carrier": "sagawa",
      "carrierName": "佐川急便",
      "isEcohai": false,
      "normalizedNumber": "",
      "trackingUrl": null,
    },
    {
      "carrier": "japanpost",
      "carrierName": "日本郵便",
      "isEcohai": false,
      "normalizedNumber": "",
      "trackingUrl": null,
    },
    {
      "carrier": "seino",
      "carrierName": "西濃運輸",
      "isEcohai": false,
      "normalizedNumber": "",
      "trackingUrl": null,
    },
    {
      "carrier": "fukuyama",
      "carrierName": "福山通運",
      "isEcohai": false,
      "normalizedNumber": "",
      "trackingUrl": null,
    },
    {
      "carrier": "ecohai",
      "carrierName": "エコ配",
      "isEcohai": true,
      "normalizedNumber": "",
      "trackingUrl": null,
    },
    {
      "carrier": "amazon",
      "carrierName": "Amazon",
      "isEcohai": false,
      "normalizedNumber": "",
      "trackingUrl": null,
    },
    {
      "carrier": "unknown",
      "carrierName": "追跡",
      "isEcohai": false,
      "normalizedNumber": "",
      "trackingUrl": null,
    },
    {
      "carrier": "unknown",
      "carrierName": "追跡",
      "isEcohai": false,
      "normalizedNumber": "",
      "trackingUrl": null,
    },
  ],
  [
    {
      "carrier": "unknown",
      "carrierName": "追跡",
      "isEcohai": false,
      "normalizedNumber": "",
      "trackingUrl": null,
    },
    {
      "carrier": "unknown",
      "carrierName": "追跡",
      "isEcohai": false,
      "normalizedNumber": "",
      "trackingUrl": null,
    },
    {
      "carrier": "unknown",
      "carrierName": "追跡",
      "isEcohai": false,
      "normalizedNumber": "",
      "trackingUrl": null,
    },
    {
      "carrier": "unknown",
      "carrierName": "追跡",
      "isEcohai": false,
      "normalizedNumber": "",
      "trackingUrl": null,
    },
    {
      "carrier": "yamato",
      "carrierName": "ヤマト運輸",
      "isEcohai": false,
      "normalizedNumber": "",
      "trackingUrl": null,
    },
    {
      "carrier": "yamato",
      "carrierName": "ヤマト運輸",
      "isEcohai": false,
      "normalizedNumber": "",
      "trackingUrl": null,
    },
    {
      "carrier": "sagawa",
      "carrierName": "佐川急便",
      "isEcohai": false,
      "normalizedNumber": "",
      "trackingUrl": null,
    },
    {
      "carrier": "japanpost",
      "carrierName": "日本郵便",
      "isEcohai": false,
      "normalizedNumber": "",
      "trackingUrl": null,
    },
    {
      "carrier": "seino",
      "carrierName": "西濃運輸",
      "isEcohai": false,
      "normalizedNumber": "",
      "trackingUrl": null,
    },
    {
      "carrier": "fukuyama",
      "carrierName": "福山通運",
      "isEcohai": false,
      "normalizedNumber": "",
      "trackingUrl": null,
    },
    {
      "carrier": "ecohai",
      "carrierName": "エコ配",
      "isEcohai": true,
      "normalizedNumber": "",
      "trackingUrl": null,
    },
    {
      "carrier": "amazon",
      "carrierName": "Amazon",
      "isEcohai": false,
      "normalizedNumber": "",
      "trackingUrl": null,
    },
    {
      "carrier": "unknown",
      "carrierName": "追跡",
      "isEcohai": false,
      "normalizedNumber": "",
      "trackingUrl": null,
    },
    {
      "carrier": "unknown",
      "carrierName": "追跡",
      "isEcohai": false,
      "normalizedNumber": "",
      "trackingUrl": null,
    },
  ],
  [
    {
      "carrier": "unknown",
      "carrierName": "追跡",
      "isEcohai": false,
      "normalizedNumber": "",
      "trackingUrl": null,
    },
    {
      "carrier": "unknown",
      "carrierName": "追跡",
      "isEcohai": false,
      "normalizedNumber": "",
      "trackingUrl": null,
    },
    {
      "carrier": "unknown",
      "carrierName": "追跡",
      "isEcohai": false,
      "normalizedNumber": "",
      "trackingUrl": null,
    },
    {
      "carrier": "unknown",
      "carrierName": "追跡",
      "isEcohai": false,
      "normalizedNumber": "",
      "trackingUrl": null,
    },
    {
      "carrier": "yamato",
      "carrierName": "ヤマト運輸",
      "isEcohai": false,
      "normalizedNumber": "",
      "trackingUrl": null,
    },
    {
      "carrier": "yamato",
      "carrierName": "ヤマト運輸",
      "isEcohai": false,
      "normalizedNumber": "",
      "trackingUrl": null,
    },
    {
      "carrier": "sagawa",
      "carrierName": "佐川急便",
      "isEcohai": false,
      "normalizedNumber": "",
      "trackingUrl": null,
    },
    {
      "carrier": "japanpost",
      "carrierName": "日本郵便",
      "isEcohai": false,
      "normalizedNumber": "",
      "trackingUrl": null,
    },
    {
      "carrier": "seino",
      "carrierName": "西濃運輸",
      "isEcohai": false,
      "normalizedNumber": "",
      "trackingUrl": null,
    },
    {
      "carrier": "fukuyama",
      "carrierName": "福山通運",
      "isEcohai": false,
      "normalizedNumber": "",
      "trackingUrl": null,
    },
    {
      "carrier": "ecohai",
      "carrierName": "エコ配",
      "isEcohai": true,
      "normalizedNumber": "",
      "trackingUrl": null,
    },
    {
      "carrier": "amazon",
      "carrierName": "Amazon",
      "isEcohai": false,
      "normalizedNumber": "",
      "trackingUrl": null,
    },
    {
      "carrier": "unknown",
      "carrierName": "追跡",
      "isEcohai": false,
      "normalizedNumber": "",
      "trackingUrl": null,
    },
    {
      "carrier": "unknown",
      "carrierName": "追跡",
      "isEcohai": false,
      "normalizedNumber": "",
      "trackingUrl": null,
    },
  ],
  [
    {
      "carrier": "yamato",
      "carrierName": "ヤマト運輸",
      "isEcohai": false,
      "normalizedNumber": "912345678901",
      "trackingUrl": "https://jizen.kuronekoyamato.co.jp/jizen/servlet/crjz.b.NQ0010?id=912345678901",
    },
    {
      "carrier": "yamato",
      "carrierName": "ヤマト運輸",
      "isEcohai": false,
      "normalizedNumber": "912345678901",
      "trackingUrl": "https://jizen.kuronekoyamato.co.jp/jizen/servlet/crjz.b.NQ0010?id=912345678901",
    },
    {
      "carrier": "yamato",
      "carrierName": "ヤマト運輸",
      "isEcohai": false,
      "normalizedNumber": "912345678901",
      "trackingUrl": "https://jizen.kuronekoyamato.co.jp/jizen/servlet/crjz.b.NQ0010?id=912345678901",
    },
    {
      "carrier": "yamato",
      "carrierName": "ヤマト運輸",
      "isEcohai": false,
      "normalizedNumber": "912345678901",
      "trackingUrl": "https://jizen.kuronekoyamato.co.jp/jizen/servlet/crjz.b.NQ0010?id=912345678901",
    },
    {
      "carrier": "yamato",
      "carrierName": "ヤマト運輸",
      "isEcohai": false,
      "normalizedNumber": "912345678901",
      "trackingUrl": "https://jizen.kuronekoyamato.co.jp/jizen/servlet/crjz.b.NQ0010?id=912345678901",
    },
    {
      "carrier": "yamato",
      "carrierName": "ヤマト運輸",
      "isEcohai": false,
      "normalizedNumber": "912345678901",
      "trackingUrl": "https://jizen.kuronekoyamato.co.jp/jizen/servlet/crjz.b.NQ0010?id=912345678901",
    },
    {
      "carrier": "sagawa",
      "carrierName": "佐川急便",
      "isEcohai": false,
      "normalizedNumber": "912345678901",
      "trackingUrl": "https://k2k.sagawa-exp.co.jp/p/web/okurijosearch.do?okurijoNo=912345678901",
    },
    {
      "carrier": "japanpost",
      "carrierName": "日本郵便",
      "isEcohai": false,
      "normalizedNumber": "912345678901",
      "trackingUrl": "https://trackings.post.japanpost.jp/services/srv/search/direct?reqCodeNo1=912345678901&searchKind=S002&locale=ja",
    },
    {
      "carrier": "seino",
      "carrierName": "西濃運輸",
      "isEcohai": false,
      "normalizedNumber": "912345678901",
      "trackingUrl": "https://track.seino.co.jp/cgi-bin/gnpquery.pgm?GNPNO1=912345678901",
    },
    {
      "carrier": "fukuyama",
      "carrierName": "福山通運",
      "isEcohai": false,
      "normalizedNumber": "912345678901",
      "trackingUrl": "https://corp.fukutsu.co.jp/situation/tracking_no_input.html",
    },
    {
      "carrier": "ecohai",
      "carrierName": "エコ配",
      "isEcohai": true,
      "normalizedNumber": "912345678901",
      "trackingUrl": null,
    },
    {
      "carrier": "amazon",
      "carrierName": "Amazon",
      "isEcohai": false,
      "normalizedNumber": "912345678901",
      "trackingUrl": "https://www.amazon.co.jp/progress-tracker/package/ref=pe_tracking?_encoding=UTF8&from=gp&nodeId=&orderId=&packageIndex=0&shipmentId=912345678901",
    },
    {
      "carrier": "unknown",
      "carrierName": "追跡",
      "isEcohai": false,
      "normalizedNumber": "912345678901",
      "trackingUrl": "https://jizen.kuronekoyamato.co.jp/jizen/servlet/crjz.b.NQ0010?id=912345678901",
    },
    {
      "carrier": "yamato",
      "carrierName": "ヤマト運輸",
      "isEcohai": false,
      "normalizedNumber": "912345678901",
      "trackingUrl": "https://jizen.kuronekoyamato.co.jp/jizen/servlet/crjz.b.NQ0010?id=912345678901",
    },
  ],
  [
    {
      "carrier": "amazon",
      "carrierName": "Amazon",
      "isEcohai": false,
      "normalizedNumber": "TBA123456",
      "trackingUrl": "https://www.amazon.co.jp/progress-tracker/package/ref=pe_tracking?_encoding=UTF8&from=gp&nodeId=&orderId=&packageIndex=0&shipmentId=TBA123456",
    },
    {
      "carrier": "amazon",
      "carrierName": "Amazon",
      "isEcohai": false,
      "normalizedNumber": "TBA123456",
      "trackingUrl": "https://www.amazon.co.jp/progress-tracker/package/ref=pe_tracking?_encoding=UTF8&from=gp&nodeId=&orderId=&packageIndex=0&shipmentId=TBA123456",
    },
    {
      "carrier": "amazon",
      "carrierName": "Amazon",
      "isEcohai": false,
      "normalizedNumber": "TBA123456",
      "trackingUrl": "https://www.amazon.co.jp/progress-tracker/package/ref=pe_tracking?_encoding=UTF8&from=gp&nodeId=&orderId=&packageIndex=0&shipmentId=TBA123456",
    },
    {
      "carrier": "amazon",
      "carrierName": "Amazon",
      "isEcohai": false,
      "normalizedNumber": "TBA123456",
      "trackingUrl": "https://www.amazon.co.jp/progress-tracker/package/ref=pe_tracking?_encoding=UTF8&from=gp&nodeId=&orderId=&packageIndex=0&shipmentId=TBA123456",
    },
    {
      "carrier": "yamato",
      "carrierName": "ヤマト運輸",
      "isEcohai": false,
      "normalizedNumber": "TBA123456",
      "trackingUrl": "https://jizen.kuronekoyamato.co.jp/jizen/servlet/crjz.b.NQ0010?id=TBA123456",
    },
    {
      "carrier": "yamato",
      "carrierName": "ヤマト運輸",
      "isEcohai": false,
      "normalizedNumber": "TBA123456",
      "trackingUrl": "https://jizen.kuronekoyamato.co.jp/jizen/servlet/crjz.b.NQ0010?id=TBA123456",
    },
    {
      "carrier": "sagawa",
      "carrierName": "佐川急便",
      "isEcohai": false,
      "normalizedNumber": "TBA123456",
      "trackingUrl": "https://k2k.sagawa-exp.co.jp/p/web/okurijosearch.do?okurijoNo=TBA123456",
    },
    {
      "carrier": "japanpost",
      "carrierName": "日本郵便",
      "isEcohai": false,
      "normalizedNumber": "TBA123456",
      "trackingUrl": "https://trackings.post.japanpost.jp/services/srv/search/direct?reqCodeNo1=TBA123456&searchKind=S002&locale=ja",
    },
    {
      "carrier": "seino",
      "carrierName": "西濃運輸",
      "isEcohai": false,
      "normalizedNumber": "TBA123456",
      "trackingUrl": "https://track.seino.co.jp/cgi-bin/gnpquery.pgm?GNPNO1=TBA123456",
    },
    {
      "carrier": "fukuyama",
      "carrierName": "福山通運",
      "isEcohai": false,
      "normalizedNumber": "TBA123456",
      "trackingUrl": "https://corp.fukutsu.co.jp/situation/tracking_no_input.html",
    },
    {
      "carrier": "ecohai",
      "carrierName": "エコ配",
      "isEcohai": true,
      "normalizedNumber": "TBA123456",
      "trackingUrl": null,
    },
    {
      "carrier": "amazon",
      "carrierName": "Amazon",
      "isEcohai": false,
      "normalizedNumber": "TBA123456",
      "trackingUrl": "https://www.amazon.co.jp/progress-tracker/package/ref=pe_tracking?_encoding=UTF8&from=gp&nodeId=&orderId=&packageIndex=0&shipmentId=TBA123456",
    },
    {
      "carrier": "unknown",
      "carrierName": "追跡",
      "isEcohai": false,
      "normalizedNumber": "TBA123456",
      "trackingUrl": "https://www.amazon.co.jp/progress-tracker/package/ref=pe_tracking?_encoding=UTF8&from=gp&nodeId=&orderId=&packageIndex=0&shipmentId=TBA123456",
    },
    {
      "carrier": "amazon",
      "carrierName": "Amazon",
      "isEcohai": false,
      "normalizedNumber": "TBA123456",
      "trackingUrl": "https://www.amazon.co.jp/progress-tracker/package/ref=pe_tracking?_encoding=UTF8&from=gp&nodeId=&orderId=&packageIndex=0&shipmentId=TBA123456",
    },
  ],
  [
    {
      "carrier": "unknown",
      "carrierName": "追跡",
      "isEcohai": false,
      "normalizedNumber": "AB123456789JP",
      "trackingUrl": null,
    },
    {
      "carrier": "unknown",
      "carrierName": "追跡",
      "isEcohai": false,
      "normalizedNumber": "AB123456789JP",
      "trackingUrl": null,
    },
    {
      "carrier": "unknown",
      "carrierName": "追跡",
      "isEcohai": false,
      "normalizedNumber": "AB123456789JP",
      "trackingUrl": null,
    },
    {
      "carrier": "unknown",
      "carrierName": "追跡",
      "isEcohai": false,
      "normalizedNumber": "AB123456789JP",
      "trackingUrl": null,
    },
    {
      "carrier": "yamato",
      "carrierName": "ヤマト運輸",
      "isEcohai": false,
      "normalizedNumber": "AB123456789JP",
      "trackingUrl": "https://jizen.kuronekoyamato.co.jp/jizen/servlet/crjz.b.NQ0010?id=AB123456789JP",
    },
    {
      "carrier": "yamato",
      "carrierName": "ヤマト運輸",
      "isEcohai": false,
      "normalizedNumber": "AB123456789JP",
      "trackingUrl": "https://jizen.kuronekoyamato.co.jp/jizen/servlet/crjz.b.NQ0010?id=AB123456789JP",
    },
    {
      "carrier": "sagawa",
      "carrierName": "佐川急便",
      "isEcohai": false,
      "normalizedNumber": "AB123456789JP",
      "trackingUrl": "https://k2k.sagawa-exp.co.jp/p/web/okurijosearch.do?okurijoNo=AB123456789JP",
    },
    {
      "carrier": "japanpost",
      "carrierName": "日本郵便",
      "isEcohai": false,
      "normalizedNumber": "AB123456789JP",
      "trackingUrl": "https://trackings.post.japanpost.jp/services/srv/search/direct?reqCodeNo1=AB123456789JP&searchKind=S002&locale=ja",
    },
    {
      "carrier": "seino",
      "carrierName": "西濃運輸",
      "isEcohai": false,
      "normalizedNumber": "AB123456789JP",
      "trackingUrl": "https://track.seino.co.jp/cgi-bin/gnpquery.pgm?GNPNO1=AB123456789JP",
    },
    {
      "carrier": "fukuyama",
      "carrierName": "福山通運",
      "isEcohai": false,
      "normalizedNumber": "AB123456789JP",
      "trackingUrl": "https://corp.fukutsu.co.jp/situation/tracking_no_input.html",
    },
    {
      "carrier": "ecohai",
      "carrierName": "エコ配",
      "isEcohai": true,
      "normalizedNumber": "AB123456789JP",
      "trackingUrl": null,
    },
    {
      "carrier": "amazon",
      "carrierName": "Amazon",
      "isEcohai": false,
      "normalizedNumber": "AB123456789JP",
      "trackingUrl": "https://www.amazon.co.jp/progress-tracker/package/ref=pe_tracking?_encoding=UTF8&from=gp&nodeId=&orderId=&packageIndex=0&shipmentId=AB123456789JP",
    },
    {
      "carrier": "unknown",
      "carrierName": "追跡",
      "isEcohai": false,
      "normalizedNumber": "AB123456789JP",
      "trackingUrl": null,
    },
    {
      "carrier": "unknown",
      "carrierName": "追跡",
      "isEcohai": false,
      "normalizedNumber": "AB123456789JP",
      "trackingUrl": null,
    },
  ],
  [
    {
      "carrier": "unknown",
      "carrierName": "追跡",
      "isEcohai": false,
      "normalizedNumber": "abc",
      "trackingUrl": null,
    },
    {
      "carrier": "unknown",
      "carrierName": "追跡",
      "isEcohai": false,
      "normalizedNumber": "abc",
      "trackingUrl": null,
    },
    {
      "carrier": "unknown",
      "carrierName": "追跡",
      "isEcohai": false,
      "normalizedNumber": "abc",
      "trackingUrl": null,
    },
    {
      "carrier": "unknown",
      "carrierName": "追跡",
      "isEcohai": false,
      "normalizedNumber": "abc",
      "trackingUrl": null,
    },
    {
      "carrier": "yamato",
      "carrierName": "ヤマト運輸",
      "isEcohai": false,
      "normalizedNumber": "abc",
      "trackingUrl": "https://jizen.kuronekoyamato.co.jp/jizen/servlet/crjz.b.NQ0010?id=abc",
    },
    {
      "carrier": "yamato",
      "carrierName": "ヤマト運輸",
      "isEcohai": false,
      "normalizedNumber": "abc",
      "trackingUrl": "https://jizen.kuronekoyamato.co.jp/jizen/servlet/crjz.b.NQ0010?id=abc",
    },
    {
      "carrier": "sagawa",
      "carrierName": "佐川急便",
      "isEcohai": false,
      "normalizedNumber": "abc",
      "trackingUrl": "https://k2k.sagawa-exp.co.jp/p/web/okurijosearch.do?okurijoNo=abc",
    },
    {
      "carrier": "japanpost",
      "carrierName": "日本郵便",
      "isEcohai": false,
      "normalizedNumber": "abc",
      "trackingUrl": "https://trackings.post.japanpost.jp/services/srv/search/direct?reqCodeNo1=abc&searchKind=S002&locale=ja",
    },
    {
      "carrier": "seino",
      "carrierName": "西濃運輸",
      "isEcohai": false,
      "normalizedNumber": "abc",
      "trackingUrl": "https://track.seino.co.jp/cgi-bin/gnpquery.pgm?GNPNO1=abc",
    },
    {
      "carrier": "fukuyama",
      "carrierName": "福山通運",
      "isEcohai": false,
      "normalizedNumber": "abc",
      "trackingUrl": "https://corp.fukutsu.co.jp/situation/tracking_no_input.html",
    },
    {
      "carrier": "ecohai",
      "carrierName": "エコ配",
      "isEcohai": true,
      "normalizedNumber": "abc",
      "trackingUrl": null,
    },
    {
      "carrier": "amazon",
      "carrierName": "Amazon",
      "isEcohai": false,
      "normalizedNumber": "abc",
      "trackingUrl": "https://www.amazon.co.jp/progress-tracker/package/ref=pe_tracking?_encoding=UTF8&from=gp&nodeId=&orderId=&packageIndex=0&shipmentId=abc",
    },
    {
      "carrier": "unknown",
      "carrierName": "追跡",
      "isEcohai": false,
      "normalizedNumber": "abc",
      "trackingUrl": null,
    },
    {
      "carrier": "unknown",
      "carrierName": "追跡",
      "isEcohai": false,
      "normalizedNumber": "abc",
      "trackingUrl": null,
    },
  ],
]
`;

exports[`registration rules against actual source at 959014b > preserves original carrier metadata and option labels 2`] = `
[
  {
    "label": "自動判別",
    "value": "auto",
  },
  {
    "label": "日本郵便",
    "value": "japanpost",
  },
  {
    "label": "ヤマト運輸",
    "value": "yamato",
  },
  {
    "label": "佐川急便",
    "value": "sagawa",
  },
  {
    "label": "Amazon",
    "value": "amazon",
  },
  {
    "label": "西濃運輸",
    "value": "seino",
  },
  {
    "label": "エコ配",
    "value": "ecohai",
  },
  {
    "label": "福山通運",
    "value": "fukuyama",
  },
]
`;

exports[`registration rules against actual source at 959014b > preserves original formatting outputs including empty, invalid, nonfinite and zero values 1`] = `
[
  {
    "euro": "-",
    "number": 0,
    "prices": [
      "-",
      "-",
      "-",
      "-",
      "-",
      "-",
      "-",
      "-",
      "-",
    ],
    "yen": "¥0",
  },
  {
    "euro": "-",
    "number": 0,
    "prices": [
      "-",
      "-",
      "-",
      "-",
      "-",
      "-",
      "-",
      "-",
      "-",
    ],
    "yen": "¥0",
  },
  {
    "euro": "-",
    "number": 0,
    "prices": [
      "-",
      "-",
      "-",
      "-",
      "-",
      "-",
      "-",
      "-",
      "-",
    ],
    "yen": "¥0",
  },
  {
    "euro": "-",
    "number": 0,
    "prices": [
      "-",
      "-",
      "-",
      "-",
      "-",
      "-",
      "-",
      "-",
      "-",
    ],
    "yen": "¥0",
  },
  {
    "euro": "-",
    "number": 0,
    "prices": [
      "-",
      "-",
      "-",
      "-",
      "-",
      "-",
      "-",
      "-",
      "-",
    ],
    "yen": "¥0",
  },
  {
    "euro": "-",
    "number": -12.5,
    "prices": [
      "-",
      "-",
      "-",
      "-",
      "-",
      "-",
      "-",
      "-",
      "-",
    ],
    "yen": "¥-12.5",
  },
  {
    "euro": "€1,000.25",
    "number": 1000.25,
    "prices": [
      "1,000.25",
      "1,000.25",
      "1,000.25",
      "€1,000.25",
      "€1,000.25",
      "$1,000.25",
      "$1,000.25",
      "1,000.25",
      "€1,000.25",
    ],
    "yen": "¥1,000.25",
  },
  {
    "euro": "-",
    "number": 0,
    "prices": [
      "-",
      "-",
      "-",
      "-",
      "-",
      "-",
      "-",
      "-",
      "-",
    ],
    "yen": "¥0",
  },
  {
    "euro": "-",
    "number": 0,
    "prices": [
      "-",
      "-",
      "-",
      "-",
      "-",
      "-",
      "-",
      "-",
      "-",
    ],
    "yen": "¥0",
  },
  {
    "euro": "-",
    "number": 0,
    "prices": [
      "-",
      "-",
      "-",
      "-",
      "-",
      "-",
      "-",
      "-",
      "-",
    ],
    "yen": "¥0",
  },
  {
    "euro": "-",
    "number": 0,
    "prices": [
      "-",
      "-",
      "-",
      "-",
      "-",
      "-",
      "-",
      "-",
      "-",
    ],
    "yen": "¥0",
  },
  {
    "euro": "-",
    "number": 0,
    "prices": [
      "-",
      "-",
      "-",
      "-",
      "-",
      "-",
      "-",
      "-",
      "-",
    ],
    "yen": "¥0",
  },
]
`;

exports[`registration rules against actual source at 959014b > preserves original formatting outputs including empty, invalid, nonfinite and zero values 2`] = `
[
  "-",
  "-",
  "-",
  " 2026-09-3",
  "bad",
  "2026-09-30",
]
`;

exports[`registration rules against actual source at 959014b > preserves original formatting outputs including empty, invalid, nonfinite and zero values 3`] = `
[
  "",
  "",
  "",
  "EUR",
  "EUR",
  "USD",
  "USD",
  "JPY",
]
`;
